Column[0] = A_Correct_Column
Column[1] = A_Great_Column
