Column[0] = Column1
Column[1] = Column2
Column[2] = Column3
